Copyright 1986-2022 Xilinx, Inc. All Rights Reserved. Copyright 2022-2024 Advanced Micro Devices, Inc. All Rights Reserved.
------------------------------------------------------------------------------------------------------------------------------------------------------------------------
| Tool Version : Vivado v.2024.1.1 (win64) Build 5094488 Fri Jun 14 08:59:21 MDT 2024
| Date         : Sat Dec 14 20:40:45 2024
| Host         : MDD-ECE-HHPG853 running 64-bit major release  (build 9200)
| Command      : report_bus_skew -warn_on_violation -file take2_wrapper_bus_skew_routed.rpt -pb take2_wrapper_bus_skew_routed.pb -rpx take2_wrapper_bus_skew_routed.rpx
| Design       : take2_wrapper
| Device       : 7a35t-cpg236
| Speed File   : -1  PRODUCTION 1.23 2018-06-13
| Design State : Routed
------------------------------------------------------------------------------------------------------------------------------------------------------------------------

Bus Skew Report

No bus skew constraints

