#-----------------------------------------------------------
# Vivado v2024.1.1 (64-bit)
# SW Build 5094488 on Fri Jun 14 08:59:21 MDT 2024
# IP Build 5091682 on Fri Jun 14 16:55:04 MDT 2024
# SharedData Build 5094118 on Fri Jun 14 01:09:43 MDT 2024
# Start of session at: Sat Dec 14 17:46:21 2024
# Process ID: 75956
# Current directory: C:/Users/jsullivan4/video_test/video_test.runs/take2_mdm_1_2_synth_1
# Command line: vivado.exe -log take2_mdm_1_2.vds -product Vivado -mode batch -messageDb vivado.pb -notrace -source take2_mdm_1_2.tcl
# Log file: C:/Users/jsullivan4/video_test/video_test.runs/take2_mdm_1_2_synth_1/take2_mdm_1_2.vds
# Journal file: C:/Users/jsullivan4/video_test/video_test.runs/take2_mdm_1_2_synth_1\vivado.jou
# Running On        :MDD-ECE-HHPG853
# Platform          :Windows Server 2016 or Windows 10
# Operating System  :22631
# Processor Detail  :Intel(R) Core(TM) i7-10700 CPU @ 2.90GHz
# CPU Frequency     :2904 MHz
# CPU Physical cores:8
# CPU Logical cores :16
# Host memory       :34058 MB
# Swap memory       :2254 MB
# Total Virtual     :36312 MB
# Available Virtual :5947 MB
#-----------------------------------------------------------
source take2_mdm_1_2.tcl -notrace
